error: duplicate `fmt` handler specified
 --> tests/ui/formatter/fail/duplicate_fmt.rs:4:42
  |
4 | #[error(fmt = crate::format_error, fmt = crate::format_error)]
  |                                          ^^^^^
