error: format arguments are not supported with #[error(transparent)]
 --> tests/ui/transparent/arguments_not_supported.rs:4:20
  |
4 | #[error(transparent, code = 42)]
  |                    ^
